C51 COMPILER V9.60.7.0   MAIN                                                              06/30/2024 17:04:07 PAGE 1   


C51 COMPILER V9.60.7.0, COMPILATION OF MODULE MAIN
OBJECT MODULE PLACED IN .\Objects\main.obj
COMPILER INVOKED BY: C:\Users\a111\Documents\keil\C51\BIN\C51.EXE main.c OPTIMIZE(8,SPEED) BROWSE DEBUG OBJECTEXTEND PRI
                    -NT(.\Listings\main.lst) OBJECT(.\Objects\main.obj)

line level    source

   1          #include <REGX52.H>
   2          #include "Delay.h"
   3          #include "Key.h"
   4          #include "Nixie.h"
   5          #include "Timer0.h"
   6          
   7          sbit Motor = P1^0;
   8          
   9          unsigned char Counter, Compare;
  10          unsigned char KeyNum, Speed;
  11          
  12          void main()
  13          {
  14   1              Timer0_Init();
  15   1              while(1)
  16   1              {
  17   2                      KeyNum = Key();
  18   2                      if(KeyNum == 1)
  19   2                      {
  20   3                              Speed++;
  21   3                              Speed %= 4;
  22   3                              if(Speed == 0) {Compare = 0;}
  23   3                              if(Speed == 1) {Compare = 50;}
  24   3                              if(Speed == 2) {Compare = 75;}
  25   3                              if(Speed == 3) {Compare = 100;}
  26   3                      }
  27   2                      Nixie_Scan(1, Speed);
  28   2              }  
  29   1      }
  30          
  31          void Timer0_Routine() interrupt 1
  32          {
  33   1              static unsigned int T0Count1 = 0, T0Count2 = 0;
  34   1              TL0 = 0xA4;             //设置定时初值
  35   1              TH0 = 0xFF;             //设置定时初值
  36   1              T0Count1++;
  37   1              Counter++;
  38   1              Counter %= 100;
  39   1              if(Counter < Compare)
  40   1              {
  41   2                      Motor = 1;
  42   2              }
  43   1              else
  44   1              {
  45   2                      Motor = 0;
  46   2              }
  47   1              if(T0Count1  == 2)
  48   1              {
  49   2                      Key_Loop();
  50   2                      T0Count1 = 0;
  51   2              }
  52   1      }
*** WARNING C280 IN LINE 33 OF main.c: 'T0Count2': unreferenced local variable

C51 COMPILER V9.60.7.0   MAIN                                                              06/30/2024 17:04:07 PAGE 2   


MODULE INFORMATION:   STATIC OVERLAYABLE
   CODE SIZE        =    172    ----
   CONSTANT SIZE    =   ----    ----
   XDATA SIZE       =   ----    ----
   PDATA SIZE       =   ----    ----
   DATA SIZE        =      8    ----
   IDATA SIZE       =   ----    ----
   BIT SIZE         =   ----    ----
END OF MODULE INFORMATION.


C51 COMPILATION COMPLETE.  1 WARNING(S),  0 ERROR(S)
